[iamosahan.com/wrapbootstrap-pillarix/furnitore/index.html]
[iamosahan.com/wrapbootstrap-pillarix/furnitore/img/pages/icon.png]
[backblue.gif]
[fade.gif]
[index.html]
[iamosahan.com/wrapbootstrap-pillarix/furnitore/vender/bootstrap/css/bootstrap.min.css]
[iamosahan.com/wrapbootstrap-pillarix/furnitore/vender/icofont/icofont.min.css]
[iamosahan.com/wrapbootstrap-pillarix/furnitore/vender/aos/dist/aos.css]
[iamosahan.com/wrapbootstrap-pillarix/furnitore/vender/remixicon/remixicon.css]
[iamosahan.com/wrapbootstrap-pillarix/furnitore/css/style.css]
[iamosahan.com/wrapbootstrap-pillarix/furnitore/css/common.css]
[iamosahan.com/wrapbootstrap-pillarix/furnitore/about.html]
[iamosahan.com/wrapbootstrap-pillarix/furnitore/products.html]
[iamosahan.com/wrapbootstrap-pillarix/furnitore/elements/elements-accordions-toggles.html]
[iamosahan.com/wrapbootstrap-pillarix/furnitore/elements/elements-tabs.html]
[iamosahan.com/wrapbootstrap-pillarix/furnitore/elements/elements-pagination.html]
[iamosahan.com/wrapbootstrap-pillarix/furnitore/elements/elements-icons.html]
[iamosahan.com/wrapbootstrap-pillarix/furnitore/elements/elements-cards.html]
[iamosahan.com/wrapbootstrap-pillarix/furnitore/elements/elements-carousels.html]
[iamosahan.com/wrapbootstrap-pillarix/furnitore/elements/elements-modals.html]
[iamosahan.com/wrapbootstrap-pillarix/furnitore/elements/elements-placeholders.html]
[iamosahan.com/wrapbootstrap-pillarix/furnitore/elements/elements-medias.html]
[iamosahan.com/wrapbootstrap-pillarix/furnitore/elements/elements-maps.html]
[iamosahan.com/wrapbootstrap-pillarix/furnitore/elements/elements-forms-basic.html]
[iamosahan.com/wrapbootstrap-pillarix/furnitore/elements/elements-buttons.html]
[iamosahan.com/wrapbootstrap-pillarix/furnitore/elements/elements-badges.html]
[iamosahan.com/wrapbootstrap-pillarix/furnitore/elements/elements-lists.html]
[iamosahan.com/wrapbootstrap-pillarix/furnitore/elements/elements-offcanvas.html]
[iamosahan.com/wrapbootstrap-pillarix/furnitore/elements/elements-image-frames.html]
[iamosahan.com/wrapbootstrap-pillarix/furnitore/elements/elements-testimonials.html]
[iamosahan.com/wrapbootstrap-pillarix/furnitore/elements/elements-blockquotes.html]
[iamosahan.com/wrapbootstrap-pillarix/furnitore/elements/elements-borders.html]
[iamosahan.com/wrapbootstrap-pillarix/furnitore/elements/elements-process.html]
[iamosahan.com/wrapbootstrap-pillarix/furnitore/elements/elements-countdowns.html]
[iamosahan.com/wrapbootstrap-pillarix/furnitore/elements/elements-spinners.html]
[iamosahan.com/wrapbootstrap-pillarix/furnitore/elements/elements-call-to-action.html]
[iamosahan.com/wrapbootstrap-pillarix/furnitore/elements/elements-pricing-tables.html]
[iamosahan.com/wrapbootstrap-pillarix/furnitore/elements/elements-tables.html]
[iamosahan.com/wrapbootstrap-pillarix/furnitore/elements/elements-progress-bars.html]
[iamosahan.com/wrapbootstrap-pillarix/furnitore/elements/elements-colors.html]
[iamosahan.com/wrapbootstrap-pillarix/furnitore/elements/elements-dropdowns.html]
[iamosahan.com/wrapbootstrap-pillarix/furnitore/elements/elements-tooltips-popovers.html]
[iamosahan.com/wrapbootstrap-pillarix/furnitore/elements/elements-sticky-elements.html]
[iamosahan.com/wrapbootstrap-pillarix/furnitore/elements/elements-typography.html]
[iamosahan.com/wrapbootstrap-pillarix/furnitore/elements/elements-alerts.html]
[iamosahan.com/wrapbootstrap-pillarix/furnitore/pages/portfolio-full-width.html]
[iamosahan.com/wrapbootstrap-pillarix/furnitore/pages/portfolio-boxed.html]
[iamosahan.com/wrapbootstrap-pillarix/furnitore/pages/portfolio-classic.html]
[iamosahan.com/wrapbootstrap-pillarix/furnitore/pages/portfolio-masonry.html]
[iamosahan.com/wrapbootstrap-pillarix/furnitore/pages/single-project.html]
[iamosahan.com/wrapbootstrap-pillarix/furnitore/pages/page-coming-soon.html]
[iamosahan.com/wrapbootstrap-pillarix/furnitore/pages/page-coming-soon-simple.html]
[iamosahan.com/wrapbootstrap-pillarix/furnitore/pages/page-error-404.html]
[iamosahan.com/wrapbootstrap-pillarix/furnitore/pages/page-terms.html]
[iamosahan.com/wrapbootstrap-pillarix/furnitore/pages/page-privacy.html]
[iamosahan.com/wrapbootstrap-pillarix/furnitore/pages/blog-grid.html]
[iamosahan.com/wrapbootstrap-pillarix/furnitore/pages/blog-grid-classic.html]
[iamosahan.com/wrapbootstrap-pillarix/furnitore/pages/blog-grid-sidebar.html]
[iamosahan.com/wrapbootstrap-pillarix/furnitore/pages/blog-list.html]
[iamosahan.com/wrapbootstrap-pillarix/furnitore/pages/blog-list-sidebar.html]
[iamosahan.com/wrapbootstrap-pillarix/furnitore/pages/blog-left-sidebar.html]
[iamosahan.com/wrapbootstrap-pillarix/furnitore/pages/blog-full-width.html]
[iamosahan.com/wrapbootstrap-pillarix/furnitore/pages/blog-post.html]
[iamosahan.com/wrapbootstrap-pillarix/furnitore/pages/blog-author-profile.html]
[iamosahan.com/wrapbootstrap-pillarix/furnitore/pages/page-help-center.html]
[iamosahan.com/wrapbootstrap-pillarix/furnitore/pages/page-help-center-categories.html]
[iamosahan.com/wrapbootstrap-pillarix/furnitore/pages/page-help-center-article.html]
[iamosahan.com/wrapbootstrap-pillarix/furnitore/pages/shop-product-grid.html]
[iamosahan.com/wrapbootstrap-pillarix/furnitore/pages/shop-product-list.html]
[iamosahan.com/wrapbootstrap-pillarix/furnitore/pages/shop-product-full-three-coulmn.html]
[iamosahan.com/wrapbootstrap-pillarix/furnitore/pages/shop-product-full-four-coulmn.html]
[iamosahan.com/wrapbootstrap-pillarix/furnitore/pages/shop-product-detail.html]
[iamosahan.com/wrapbootstrap-pillarix/furnitore/pages/shop-cart.html]
[iamosahan.com/wrapbootstrap-pillarix/furnitore/pages/shop-checkout.html]
[iamosahan.com/wrapbootstrap-pillarix/furnitore/pages/page-hire-us.html]
[iamosahan.com/wrapbootstrap-pillarix/furnitore/pages/page-careers.html]
[iamosahan.com/wrapbootstrap-pillarix/furnitore/pages/page-careers-role-overview.html]
[iamosahan.com/wrapbootstrap-pillarix/furnitore/pages/page-careers-apply.html]
[iamosahan.com/wrapbootstrap-pillarix/furnitore/pages/page-login.html]
[iamosahan.com/wrapbootstrap-pillarix/furnitore/pages/page-login-2.html]
[iamosahan.com/wrapbootstrap-pillarix/furnitore/pages/page-signup.html]
[iamosahan.com/wrapbootstrap-pillarix/furnitore/pages/page-signup-2.html]
[iamosahan.com/wrapbootstrap-pillarix/furnitore/pages/page-reset-password.html]
[iamosahan.com/wrapbootstrap-pillarix/furnitore/pages/account-orders.html]
[iamosahan.com/wrapbootstrap-pillarix/furnitore/pages/account-settings.html]
[iamosahan.com/wrapbootstrap-pillarix/furnitore/pages/account-address.html]
[iamosahan.com/wrapbootstrap-pillarix/furnitore/pages/my-wallet.html]
[iamosahan.com/wrapbootstrap-pillarix/furnitore/pages/account-notification.html]
[iamosahan.com/wrapbootstrap-pillarix/furnitore/pages/faq.html]
[iamosahan.com/wrapbootstrap-pillarix/furnitore/pages/faq-2.html]
[iamosahan.com/wrapbootstrap-pillarix/furnitore/contact-us.html]
[iamosahan.com/wrapbootstrap-pillarix/furnitore/img/category/lamp.png]
[iamosahan.com/wrapbootstrap-pillarix/furnitore/img/category/single-sofa.png]
[iamosahan.com/wrapbootstrap-pillarix/furnitore/img/category/table.png]
[iamosahan.com/wrapbootstrap-pillarix/furnitore/img/category/sofa.png]
[iamosahan.com/wrapbootstrap-pillarix/furnitore/img/featured-products/product-1.jpg]
[iamosahan.com/wrapbootstrap-pillarix/furnitore/img/featured-products/product-2.jpg]
[iamosahan.com/wrapbootstrap-pillarix/furnitore/img/featured-products/product-3.jpg]
[iamosahan.com/wrapbootstrap-pillarix/furnitore/img/featured-products/product-4.jpg]
[iamosahan.com/wrapbootstrap-pillarix/furnitore/img/featured-products/product-5.jpg]
[iamosahan.com/wrapbootstrap-pillarix/furnitore/img/featured-products/product-6.jpg]
[iamosahan.com/wrapbootstrap-pillarix/furnitore/img/new-arrivals.png]
[iamosahan.com/wrapbootstrap-pillarix/furnitore/img/latest-blog/blog-1.jpg]
[iamosahan.com/wrapbootstrap-pillarix/furnitore/img/latest-blog/blog-2.jpg]
[iamosahan.com/wrapbootstrap-pillarix/furnitore/img/latest-blog/blog-3.jpg]
[iamosahan.com/wrapbootstrap-pillarix/furnitore/img/subscribe.jpg]
[iamosahan.com/cdn-cgi/scripts/5c5dd728/cloudflare-static/email-decode.min.js]
[iamosahan.com/wrapbootstrap-pillarix/furnitore/vender/bootstrap/js/bootstrap.bundle.min.js]
[iamosahan.com/wrapbootstrap-pillarix/furnitore/vender/jquery/jquery-3.6.4.min.js]
[iamosahan.com/wrapbootstrap-pillarix/furnitore/vender/aos/dist/aos.js]
[iamosahan.com/wrapbootstrap-pillarix/furnitore/index.html]
[iamosahan.com/wrapbootstrap-pillarix/furnitore/vender/bootstrap/css/bootstrap.min.css]
[iamosahan.com/wrapbootstrap-pillarix/furnitore/js/script.js]
[iamosahan.com/wrapbootstrap-pillarix/furnitore/vender/icofont/fonts/icofont.woff2]
[iamosahan.com/wrapbootstrap-pillarix/furnitore/vender/icofont/icofont.min.css]
[iamosahan.com/wrapbootstrap-pillarix/furnitore/vender/aos/dist/aos.css]
[iamosahan.com/wrapbootstrap-pillarix/furnitore/vender/icofont/fonts/icofont.woff]
[iamosahan.com/wrapbootstrap-pillarix/furnitore/vender/remixicon/remixicon7001.eot]
[iamosahan.com/wrapbootstrap-pillarix/furnitore/vender/remixicon/remixicon7001.woff2]
[iamosahan.com/wrapbootstrap-pillarix/furnitore/vender/remixicon/remixicon7001.woff]
[iamosahan.com/wrapbootstrap-pillarix/furnitore/vender/remixicon/remixicon7001.ttf]
[iamosahan.com/wrapbootstrap-pillarix/furnitore/vender/remixicon/remixicon.css]
[iamosahan.com/wrapbootstrap-pillarix/furnitore/vender/remixicon/remixicon7001.svg]
[iamosahan.com/wrapbootstrap-pillarix/furnitore/img/hero.png]
[iamosahan.com/wrapbootstrap-pillarix/furnitore/css/style.css]
[cdn.jsdelivr.net/npm/bootstrap-icons@1.11.2/font/bootstrap-icons.min.css]
[iamosahan.com/wrapbootstrap-pillarix/furnitore/img/bg.png]
[iamosahan.com/wrapbootstrap-pillarix/furnitore/css/common.css]
[iamosahan.com/wrapbootstrap-pillarix/furnitore/img/video.jpg]
[iamosahan.com/wrapbootstrap-pillarix/furnitore/img/our-story.jpg]
[iamosahan.com/wrapbootstrap-pillarix/furnitore/img/team/member-1.jpg]
[iamosahan.com/wrapbootstrap-pillarix/furnitore/img/team/member-3.jpg]
[iamosahan.com/wrapbootstrap-pillarix/furnitore/img/team/member-4.jpg]
[iamosahan.com/wrapbootstrap-pillarix/furnitore/img/new-collection.png]
[iamosahan.com/wrapbootstrap-pillarix/furnitore/img/team/member-2.jpg]
[iamosahan.com/wrapbootstrap-pillarix/furnitore/img/clients/client-1.svg]
[iamosahan.com/wrapbootstrap-pillarix/furnitore/img/clients/client-2.svg]
[iamosahan.com/wrapbootstrap-pillarix/furnitore/img/clients/client-3.svg]
[iamosahan.com/wrapbootstrap-pillarix/furnitore/img/clients/client-4.svg]
[iamosahan.com/wrapbootstrap-pillarix/furnitore/about.html]
[iamosahan.com/wrapbootstrap-pillarix/furnitore/img/clients/client-5.svg]
[iamosahan.com/wrapbootstrap-pillarix/furnitore/img/featured-products/product-7.jpg]
[iamosahan.com/wrapbootstrap-pillarix/furnitore/img/featured-products/product-8.jpg]
[iamosahan.com/wrapbootstrap-pillarix/furnitore/img/featured-products/product-9.jpg]
[iamosahan.com/wrapbootstrap-pillarix/furnitore/img/featured-products/product-10.jpg]
[iamosahan.com/wrapbootstrap-pillarix/furnitore/img/featured-products/product-11.jpg]
[iamosahan.com/wrapbootstrap-pillarix/furnitore/img/featured-products/product-12.jpg]
[iamosahan.com/wrapbootstrap-pillarix/furnitore/products.html]
[iamosahan.com/wrapbootstrap-pillarix/furnitore/elements/css/style.css]
[iamosahan.com/wrapbootstrap-pillarix/furnitore/elements/elements.89.delayed]
[iamosahan.com/wrapbootstrap-pillarix/furnitore/elements/elements-accordions-toggles.html]
[iamosahan.com/wrapbootstrap-pillarix/furnitore/elements/elements-tabs.html]
[iamosahan.com/wrapbootstrap-pillarix/furnitore/img/pages/hero-wave.svg]
[iamosahan.com/wrapbootstrap-pillarix/furnitore/elements/elements-icons.html]
[iamosahan.com/wrapbootstrap-pillarix/furnitore/elements/elements-pagination.html]
[iamosahan.com/wrapbootstrap-pillarix/furnitore/img/pages/news/1.jpg]
[iamosahan.com/wrapbootstrap-pillarix/furnitore/img/pages/news/2.jpg]
[iamosahan.com/wrapbootstrap-pillarix/furnitore/img/pages/news/3.jpg]
[iamosahan.com/wrapbootstrap-pillarix/furnitore/img/pages/news/4.jpg]
[iamosahan.com/wrapbootstrap-pillarix/furnitore/img/pages/news/5.jpg]
[iamosahan.com/wrapbootstrap-pillarix/furnitore/img/pages/news/6.jpg]
[iamosahan.com/wrapbootstrap-pillarix/furnitore/img/pages/banner.jpg]
[iamosahan.com/wrapbootstrap-pillarix/furnitore/img/pages/products/product-1.jpg]
[iamosahan.com/wrapbootstrap-pillarix/furnitore/elements/elements-cards.html]
[iamosahan.com/wrapbootstrap-pillarix/furnitore/img/pages/news/7.jpg]
[iamosahan.com/wrapbootstrap-pillarix/furnitore/img/pages/news/8.jpg]
[iamosahan.com/wrapbootstrap-pillarix/furnitore/elements/elements-carousels.html]
[iamosahan.com/wrapbootstrap-pillarix/furnitore/elements/elements-modals.html]
[iamosahan.com/wrapbootstrap-pillarix/furnitore/elements/elements-placeholders.html]
[iamosahan.com/wrapbootstrap-pillarix/furnitore/img/pages/team/member-1.jpg]
[iamosahan.com/wrapbootstrap-pillarix/furnitore/img/pages/bg-about.jpg]
[iamosahan.com/wrapbootstrap-pillarix/furnitore/elements/elements-medias.html]
[iamosahan.com/wrapbootstrap-pillarix/furnitore/elements/elements-maps.html]
[iamosahan.com/wrapbootstrap-pillarix/furnitore/elements/elements-forms-basic.html]
[iamosahan.com/wrapbootstrap-pillarix/furnitore/elements/elements-buttons.html]
[iamosahan.com/wrapbootstrap-pillarix/furnitore/elements/elements-badges.html]
[iamosahan.com/wrapbootstrap-pillarix/furnitore/elements/elements-lists.html]
[iamosahan.com/wrapbootstrap-pillarix/furnitore/elements/elements-offcanvas.html]
[iamosahan.com/wrapbootstrap-pillarix/furnitore/elements/elements-image-frames.html]
[iamosahan.com/wrapbootstrap-pillarix/furnitore/elements/elements-testimonials.html]
[iamosahan.com/wrapbootstrap-pillarix/furnitore/elements/elements-blockquotes.html]
[iamosahan.com/wrapbootstrap-pillarix/furnitore/elements/elements-borders.html]
[iamosahan.com/wrapbootstrap-pillarix/furnitore/elements/elements-process.html]
[iamosahan.com/wrapbootstrap-pillarix/furnitore/elements/elements-countdowns.html]
[iamosahan.com/wrapbootstrap-pillarix/furnitore/elements/elements-spinners.html]
[iamosahan.com/wrapbootstrap-pillarix/furnitore/elements/elements-call-to-action.html]
[iamosahan.com/wrapbootstrap-pillarix/furnitore/elements/elements-pricing-tables.html]
[iamosahan.com/wrapbootstrap-pillarix/furnitore/elements/elements-tables.html]
[iamosahan.com/wrapbootstrap-pillarix/furnitore/elements/elements-progress-bars.html]
[iamosahan.com/wrapbootstrap-pillarix/furnitore/elements/elements-colors.html]
[iamosahan.com/wrapbootstrap-pillarix/furnitore/elements/elements-dropdowns.html]
[iamosahan.com/wrapbootstrap-pillarix/furnitore/elements/elements-tooltips-popovers.html]
[iamosahan.com/wrapbootstrap-pillarix/furnitore/elements/elements-sticky-elements.html]
[iamosahan.com/wrapbootstrap-pillarix/furnitore/elements/elements-typography.html]
[iamosahan.com/wrapbootstrap-pillarix/furnitore/elements/elements-alerts.html]
[iamosahan.com/wrapbootstrap-pillarix/furnitore/vender/light-gallery-master/dist/css/lightgallery-bundle.min.css]
[iamosahan.com/wrapbootstrap-pillarix/furnitore/pages/css/style.css]
[iamosahan.com/wrapbootstrap-pillarix/furnitore/img/pages/portfolio/portfolio-h/1.jpg]
[iamosahan.com/wrapbootstrap-pillarix/furnitore/img/pages/portfolio/portfolio-h/2.jpg]
[iamosahan.com/wrapbootstrap-pillarix/furnitore/img/pages/portfolio/portfolio-h/3.jpg]
[iamosahan.com/wrapbootstrap-pillarix/furnitore/img/pages/portfolio/portfolio-h/5.jpg]
[iamosahan.com/wrapbootstrap-pillarix/furnitore/img/pages/portfolio/portfolio-h/6.jpg]
[iamosahan.com/wrapbootstrap-pillarix/furnitore/img/pages/portfolio/portfolio-h/8.jpg]
[iamosahan.com/wrapbootstrap-pillarix/furnitore/pages/contact-us.html]
[iamosahan.com/wrapbootstrap-pillarix/furnitore/pages/about.html]
[iamosahan.com/wrapbootstrap-pillarix/furnitore/pages/contact.html]
[iamosahan.com/wrapbootstrap-pillarix/furnitore/vender/light-gallery-master/dist/lightgallery.min.js]
[iamosahan.com/wrapbootstrap-pillarix/furnitore/vender/light-gallery-master/dist/plugins/autoplay/lg-autoplay.umd.js]
[iamosahan.com/wrapbootstrap-pillarix/furnitore/vender/light-gallery-master/dist/plugins/comment/lg-comment.min.js]
[iamosahan.com/wrapbootstrap-pillarix/furnitore/vender/light-gallery-master/dist/plugins/fullscreen/lg-fullscreen.min.js]
[iamosahan.com/wrapbootstrap-pillarix/furnitore/vender/light-gallery-master/dist/plugins/hash/lg-hash.min.js]
[iamosahan.com/wrapbootstrap-pillarix/furnitore/vender/light-gallery-master/dist/plugins/mediumZoom/lg-medium-zoom.min.js]
[iamosahan.com/wrapbootstrap-pillarix/furnitore/vender/light-gallery-master/dist/plugins/pager/lg-pager.min.js]
[iamosahan.com/wrapbootstrap-pillarix/furnitore/vender/light-gallery-master/dist/plugins/relativeCaption/lg-relative-caption.min.js]
[iamosahan.com/wrapbootstrap-pillarix/furnitore/vender/light-gallery-master/dist/plugins/rotate/lg-rotate.min.js]
[iamosahan.com/wrapbootstrap-pillarix/furnitore/vender/light-gallery-master/dist/plugins/share/lg-share.min.js]
[iamosahan.com/wrapbootstrap-pillarix/furnitore/vender/light-gallery-master/dist/plugins/thumbnail/lg-thumbnail.min.js]
[iamosahan.com/wrapbootstrap-pillarix/furnitore/vender/light-gallery-master/dist/plugins/video/lg-video.min.js]
[iamosahan.com/wrapbootstrap-pillarix/furnitore/vender/light-gallery-master/dist/plugins/vimeoThumbnail/lg-vimeo-thumbnail.min.js]
[iamosahan.com/wrapbootstrap-pillarix/furnitore/pages/portfolio-full-width.html]
[iamosahan.com/wrapbootstrap-pillarix/furnitore/vender/light-gallery-master/dist/plugins/zoom/lg-zoom.min.js]
[iamosahan.com/wrapbootstrap-pillarix/furnitore/img/pages/portfolio/portfolio-h/4.jpg]
[iamosahan.com/wrapbootstrap-pillarix/furnitore/img/pages/portfolio/portfolio-h/7.jpg]
[iamosahan.com/wrapbootstrap-pillarix/furnitore/img/pages/portfolio/portfolio-h/9.jpg]
[iamosahan.com/wrapbootstrap-pillarix/furnitore/img/pages/portfolio/portfolio-h/10.jpg]
[iamosahan.com/wrapbootstrap-pillarix/furnitore/img/pages/portfolio/portfolio-h/11.jpg]
[iamosahan.com/wrapbootstrap-pillarix/furnitore/img/pages/portfolio/portfolio-h/12.jpg]
[iamosahan.com/wrapbootstrap-pillarix/furnitore/pages/portfolio-boxed.html]
[iamosahan.com/wrapbootstrap-pillarix/furnitore/pages/portfolio-classic.html]
[iamosahan.com/wrapbootstrap-pillarix/furnitore/pages/portfolio-masonry.html]
[iamosahan.com/wrapbootstrap-pillarix/furnitore/pages/single-project.html]
[iamosahan.com/wrapbootstrap-pillarix/furnitore/pages/page-coming-soon.html]
[iamosahan.com/wrapbootstrap-pillarix/furnitore/pages/page-coming-soon-simple.html]
[iamosahan.com/wrapbootstrap-pillarix/furnitore/pages/page-error-404.html]
[iamosahan.com/wrapbootstrap-pillarix/furnitore/pages/page-terms.html]
[iamosahan.com/wrapbootstrap-pillarix/furnitore/pages/page-privacy.html]
[iamosahan.com/wrapbootstrap-pillarix/furnitore/pages/blog-grid.html]
[iamosahan.com/wrapbootstrap-pillarix/furnitore/img/pages/error.svg]
[iamosahan.com/wrapbootstrap-pillarix/furnitore/pages/admin.html]
[iamosahan.com/wrapbootstrap-pillarix/furnitore/pages/team-work.html]
[iamosahan.com/wrapbootstrap-pillarix/furnitore/pages/apps.html]
[iamosahan.com/wrapbootstrap-pillarix/furnitore/pages/technology.html]
[iamosahan.com/wrapbootstrap-pillarix/furnitore/pages/blog-grid-classic.html]
[iamosahan.com/wrapbootstrap-pillarix/furnitore/pages/blog-grid-sidebar.html]
[iamosahan.com/wrapbootstrap-pillarix/furnitore/pages/blog-list.html]
[iamosahan.com/wrapbootstrap-pillarix/furnitore/pages/people.html]
[iamosahan.com/wrapbootstrap-pillarix/furnitore/pages/blog-list-sidebar.html]
[iamosahan.com/wrapbootstrap-pillarix/furnitore/pages/blog-left-sidebar.html]
[iamosahan.com/wrapbootstrap-pillarix/furnitore/pages/blog-full-width.html]
[iamosahan.com/wrapbootstrap-pillarix/furnitore/pages/blog-post.html]
[iamosahan.com/wrapbootstrap-pillarix/furnitore/pages/blog-author-profile.html]
[iamosahan.com/wrapbootstrap-pillarix/furnitore/pages/page-help-center.html]
[iamosahan.com/wrapbootstrap-pillarix/furnitore/pages/page-help-center-categories.html]
[iamosahan.com/wrapbootstrap-pillarix/furnitore/pages/page-help-center-article.html]
[iamosahan.com/wrapbootstrap-pillarix/furnitore/img/pages/products/product-2.jpg]
[iamosahan.com/wrapbootstrap-pillarix/furnitore/img/pages/products/product-3.jpg]
[iamosahan.com/wrapbootstrap-pillarix/furnitore/img/pages/products/product-4.jpg]
[iamosahan.com/wrapbootstrap-pillarix/furnitore/img/pages/products/product-5.jpg]
[iamosahan.com/wrapbootstrap-pillarix/furnitore/img/pages/products/product-6.jpg]
[iamosahan.com/wrapbootstrap-pillarix/furnitore/img/pages/products/product-7.jpg]
[iamosahan.com/wrapbootstrap-pillarix/furnitore/img/pages/products/product-8.jpg]
[iamosahan.com/wrapbootstrap-pillarix/furnitore/pages/shop-product-grid.html]
[iamosahan.com/wrapbootstrap-pillarix/furnitore/pages/shop-product-list.html]
[iamosahan.com/wrapbootstrap-pillarix/furnitore/pages/shop-product-full-three-coulmn.html]
[iamosahan.com/wrapbootstrap-pillarix/furnitore/pages/shop-product-full-four-coulmn.html]
[iamosahan.com/wrapbootstrap-pillarix/furnitore/vender/slick/slick/slick.css]
[iamosahan.com/wrapbootstrap-pillarix/furnitore/vender/slick/slick/slick-theme.css]
[iamosahan.com/wrapbootstrap-pillarix/furnitore/vender/slick/slick/slick.min.js]
[iamosahan.com/wrapbootstrap-pillarix/furnitore/pages/shop-product-detail.html]
[iamosahan.com/wrapbootstrap-pillarix/furnitore/pages/shop-cart.html]
[iamosahan.com/wrapbootstrap-pillarix/furnitore/js/slick.js]
[iamosahan.com/wrapbootstrap-pillarix/furnitore/pages/privacy-policy.html]
[iamosahan.com/wrapbootstrap-pillarix/furnitore/pages/shop-checkout.html]
[iamosahan.com/wrapbootstrap-pillarix/furnitore/pages/page-hire-us.html]
[iamosahan.com/wrapbootstrap-pillarix/furnitore/pages/page-careers.html]
[iamosahan.com/wrapbootstrap-pillarix/furnitore/pages/page-careers-role-overview.html]
[iamosahan.com/wrapbootstrap-pillarix/furnitore/pages/page-careers-apply.html]
[iamosahan.com/wrapbootstrap-pillarix/furnitore/pages/page-login.html]
[iamosahan.com/wrapbootstrap-pillarix/furnitore/pages/page-login-2.html]
[iamosahan.com/wrapbootstrap-pillarix/furnitore/pages/page-signup.html]
[iamosahan.com/wrapbootstrap-pillarix/furnitore/pages/page-signup-2.html]
[iamosahan.com/wrapbootstrap-pillarix/furnitore/pages/page-reset-password.html]
[iamosahan.com/wrapbootstrap-pillarix/furnitore/pages/account-orders.html]
[iamosahan.com/wrapbootstrap-pillarix/furnitore/pages/account-settings.html]
[iamosahan.com/wrapbootstrap-pillarix/furnitore/pages/account-address.html]
[iamosahan.com/wrapbootstrap-pillarix/furnitore/pages/my-wallet.html]
[iamosahan.com/wrapbootstrap-pillarix/furnitore/pages/account-notification.html]
[iamosahan.com/wrapbootstrap-pillarix/furnitore/img/pages/faq.jpg]
[iamosahan.com/wrapbootstrap-pillarix/furnitore/pages/faq.html]
[iamosahan.com/wrapbootstrap-pillarix/furnitore/pages/faq-2.html]
[iamosahan.com/wrapbootstrap-pillarix/furnitore/img/contact-us.jpg]
[iamosahan.com/wrapbootstrap-pillarix/furnitore/contact-us.html]
[iamosahan.com/wrapbootstrap-pillarix/furnitore/vender/bootstrap/js/bootstrap.bundle.min.js]
[iamosahan.com/wrapbootstrap-pillarix/furnitore/vender/jquery/jquery-3.6.4.min.js]
[iamosahan.com/wrapbootstrap-pillarix/furnitore/vender/aos/dist/aos.js]
[iamosahan.com/wrapbootstrap-pillarix/furnitore/js/script.js]
[iamosahan.com/wrapbootstrap-pillarix/furnitore/dist/index.html]
[iamosahan.com/wrapbootstrap-pillarix/furnitore/vender/remixicon/remixicon7001.svg]
[cdn.jsdelivr.net/npm/bootstrap-icons@1.11.2/font/fonts/bootstrap-icons09cf.woff2]
[cdn.jsdelivr.net/npm/bootstrap-icons@1.11.2/font/fonts/bootstrap-icons09cf.woff]
[cdn.jsdelivr.net/npm/bootstrap-icons@1.11.2/font/bootstrap-icons.min.css]
[iamosahan.com/wrapbootstrap-pillarix/furnitore/img/bg.html]
[iamosahan.com/wrapbootstrap-pillarix/furnitore/img/clients/client-1.svg]
[iamosahan.com/wrapbootstrap-pillarix/furnitore/img/clients/client-2.svg]
[iamosahan.com/wrapbootstrap-pillarix/furnitore/img/clients/client-3.svg]
[iamosahan.com/wrapbootstrap-pillarix/furnitore/img/clients/client-4.svg]
[iamosahan.com/wrapbootstrap-pillarix/furnitore/img/clients/client-5.svg]
[iamosahan.com/wrapbootstrap-pillarix/furnitore/elements/css/style.css]
[iamosahan.com/wrapbootstrap-pillarix/furnitore/elements/elements.html]
[iamosahan.com/wrapbootstrap-pillarix/furnitore/img/pages/hero-wave.svg]
[iamosahan.com/wrapbootstrap-pillarix/furnitore/vender/light-gallery-master/dist/fonts/lgb687.woff2]
[iamosahan.com/wrapbootstrap-pillarix/furnitore/vender/light-gallery-master/dist/fonts/lgb687.ttf]
[iamosahan.com/wrapbootstrap-pillarix/furnitore/vender/light-gallery-master/dist/fonts/lgb687.woff]
[iamosahan.com/wrapbootstrap-pillarix/furnitore/vender/light-gallery-master/dist/fonts/lgb687.svg]
[iamosahan.com/wrapbootstrap-pillarix/furnitore/vender/light-gallery-master/dist/images/loading.gif]
[iamosahan.com/wrapbootstrap-pillarix/furnitore/vender/light-gallery-master/dist/css/lightgallery-bundle.min.css]
[iamosahan.com/wrapbootstrap-pillarix/furnitore/pages/css/style.css]
[iamosahan.com/wrapbootstrap-pillarix/furnitore/pages/contact-us.html]
[iamosahan.com/wrapbootstrap-pillarix/furnitore/pages/about.html]
[iamosahan.com/wrapbootstrap-pillarix/furnitore/pages/contact.html]
[iamosahan.com/wrapbootstrap-pillarix/furnitore/vender/light-gallery-master/dist/lightgallery.min.js]
[iamosahan.com/wrapbootstrap-pillarix/furnitore/vender/light-gallery-master/dist/plugins/autoplay/lg-autoplay.umd.js]
[iamosahan.com/wrapbootstrap-pillarix/furnitore/vender/light-gallery-master/dist/plugins/comment/lg-comment.min.js]
[iamosahan.com/wrapbootstrap-pillarix/furnitore/vender/light-gallery-master/dist/plugins/fullscreen/lg-fullscreen.min.js]
[iamosahan.com/wrapbootstrap-pillarix/furnitore/vender/light-gallery-master/dist/plugins/hash/lg-hash.min.js]
[iamosahan.com/wrapbootstrap-pillarix/furnitore/vender/light-gallery-master/dist/plugins/mediumZoom/lg-medium-zoom.min.js]
[iamosahan.com/wrapbootstrap-pillarix/furnitore/vender/light-gallery-master/dist/plugins/pager/lg-pager.min.js]
[iamosahan.com/wrapbootstrap-pillarix/furnitore/vender/light-gallery-master/dist/plugins/relativeCaption/lg-relative-caption.min.js]
[iamosahan.com/wrapbootstrap-pillarix/furnitore/vender/light-gallery-master/dist/plugins/rotate/lg-rotate.min.js]
[iamosahan.com/wrapbootstrap-pillarix/furnitore/vender/light-gallery-master/dist/plugins/share/lg-share.min.js]
[iamosahan.com/wrapbootstrap-pillarix/furnitore/vender/light-gallery-master/dist/plugins/thumbnail/lg-thumbnail.min.js]
[iamosahan.com/wrapbootstrap-pillarix/furnitore/vender/light-gallery-master/dist/plugins/video/lg-video.min.js]
[iamosahan.com/wrapbootstrap-pillarix/furnitore/vender/light-gallery-master/dist/plugins/vimeoThumbnail/lg-vimeo-thumbnail.min.js]
[iamosahan.com/wrapbootstrap-pillarix/furnitore/vender/light-gallery-master/dist/plugins/zoom/lg-zoom.min.js]
[iamosahan.com/wrapbootstrap-pillarix/furnitore/img/pages/error.svg]
[iamosahan.com/wrapbootstrap-pillarix/furnitore/pages/admin.html]
[iamosahan.com/wrapbootstrap-pillarix/furnitore/pages/team-work.html]
[iamosahan.com/wrapbootstrap-pillarix/furnitore/pages/apps.html]
[iamosahan.com/wrapbootstrap-pillarix/furnitore/pages/technology.html]
[iamosahan.com/wrapbootstrap-pillarix/furnitore/pages/people.html]
[iamosahan.com/wrapbootstrap-pillarix/furnitore/vender/slick/slick/slick.css]
[iamosahan.com/wrapbootstrap-pillarix/furnitore/pages/Make sure you have included disqus JavaScript code in your document. Ex - https_/lg-disqus.disqus.com/admin/install/platforms/universalcode/index.html]
[iamosahan.com/wrapbootstrap-pillarix/furnitore/vender/slick/slick/ajax-loader.gif]
[iamosahan.com/wrapbootstrap-pillarix/furnitore/vender/slick/slick/fonts/slick.eot]
[iamosahan.com/wrapbootstrap-pillarix/furnitore/vender/slick/slick/fonts/slickd41d.eot]
[iamosahan.com/wrapbootstrap-pillarix/furnitore/vender/slick/slick/fonts/slick.woff]
[iamosahan.com/wrapbootstrap-pillarix/furnitore/vender/slick/slick/fonts/slick.ttf]
[iamosahan.com/wrapbootstrap-pillarix/furnitore/vender/slick/slick/slick-theme.css]
[iamosahan.com/wrapbootstrap-pillarix/furnitore/vender/slick/slick/slick.min.js]
[iamosahan.com/wrapbootstrap-pillarix/furnitore/js/slick.js]
[iamosahan.com/wrapbootstrap-pillarix/furnitore/pages/privacy-policy.html]
[iamosahan.com/wrapbootstrap-pillarix/furnitore/dist/index.html]
[iamosahan.com/wrapbootstrap-pillarix/furnitore/vender/slick/slick/fonts/slick.svg]
[iamosahan.com/wrapbootstrap-pillarix/furnitore/vender/light-gallery-master/dist/fonts/lgb687.svg]
[iamosahan.com/wrapbootstrap-pillarix/furnitore/pages/Make sure you have included disqus JavaScript code in your document. Ex - https_/lg-disqus.disqus.com/admin/install/platforms/universalcode/index.html]
[iamosahan.com/wrapbootstrap-pillarix/furnitore/vender/slick/slick/fonts/slick.svg]
