[freshcart.codescandy.com/tailwindcss/dashboard/index.html]
[cdn.jsdelivr.net/npm/@tabler/icons-webfont@2.46.0/tabler-icons.min.css]
[freshcart.codescandy.com/tailwindcss/assets/libs/simplebar/dist/simplebar.min.css]
[backblue.gif]
[fade.gif]
[index.html]
[freshcart.codescandy.com/tailwindcss/assets/css/theme.min.css]
[freshcart.codescandy.com/tailwindcss/assets/images/avatar/avatar-1.jpg]
[freshcart.codescandy.com/tailwindcss/assets/images/avatar/avatar-5.jpg]
[freshcart.codescandy.com/tailwindcss/assets/images/avatar/avatar-2.jpg]
[freshcart.codescandy.com/tailwindcss/dashboard/products.html]
[freshcart.codescandy.com/tailwindcss/dashboard/categories.html]
[freshcart.codescandy.com/tailwindcss/dashboard/order-list.html]
[freshcart.codescandy.com/tailwindcss/dashboard/order-single.html]
[freshcart.codescandy.com/tailwindcss/dashboard/vendor-grid.html]
[freshcart.codescandy.com/tailwindcss/dashboard/customers.html]
[freshcart.codescandy.com/tailwindcss/dashboard/create-customers.html]
[freshcart.codescandy.com/tailwindcss/dashboard/customers-edits.html]
[freshcart.codescandy.com/tailwindcss/dashboard/reviews.html]
[freshcart.codescandy.com/tailwindcss/dashboard/blog-grid.html]
[freshcart.codescandy.com/tailwindcss/dashboard/blog-list.html]
[freshcart.codescandy.com/tailwindcss/dashboard/blog-new-post.html]
[freshcart.codescandy.com/tailwindcss/assets/images/slider/slider-image-1.jpg]
[freshcart.codescandy.com/tailwindcss/assets/libs/bootstrap/dist/js/bootstrap.bundle.min.js]
[freshcart.codescandy.com/tailwindcss/assets/libs/simplebar/dist/simplebar.min.js]
[freshcart.codescandy.com/tailwindcss/assets/js/theme.min.js]
[freshcart.codescandy.com/tailwindcss/dashboard/index.html]
[freshcart.codescandy.com/tailwindcss/assets/js/vendors/chart.js]
[freshcart.codescandy.com/tailwindcss/assets/libs/apexcharts/dist/apexcharts.min.js]
[cdn.jsdelivr.net/npm/@tabler/icons-webfont@2.46.0/fonts/tabler-icons78b2.eot]
[cdn.jsdelivr.net/npm/@tabler/icons-webfont@2.46.0/fonts/tabler-icons78b2.woff2]
[cdn.jsdelivr.net/npm/@tabler/icons-webfont@2.46.0/fonts/tabler-iconsd41d.eot]
[cdn.jsdelivr.net/npm/@tabler/icons-webfont@2.46.0/fonts/tabler-iconsd41d.woff]
[cdn.jsdelivr.net/npm/@tabler/icons-webfont@2.46.0/tabler-icons.min.css]
[freshcart.codescandy.com/tailwindcss/assets/libs/simplebar/dist/simplebar.min.css]
[freshcart.codescandy.com/tailwindcss/assets/css/theme.min.css]
[cdn.jsdelivr.net/npm/@tabler/icons-webfont@2.46.0/fonts/tabler-icons78b2.ttf]
[freshcart.codescandy.com/tailwindcss/dashboard/add-product.html]
[freshcart.codescandy.com/tailwindcss/assets/images/products/product-img-1.jpg]
[freshcart.codescandy.com/tailwindcss/assets/images/products/product-img-2.jpg]
[freshcart.codescandy.com/tailwindcss/assets/images/products/product-img-3.jpg]
[freshcart.codescandy.com/tailwindcss/assets/images/products/product-img-4.jpg]
[freshcart.codescandy.com/tailwindcss/assets/images/products/product-img-5.jpg]
[freshcart.codescandy.com/tailwindcss/assets/images/products/product-img-6.jpg]
[freshcart.codescandy.com/tailwindcss/assets/images/products/product-img-7.jpg]
[freshcart.codescandy.com/tailwindcss/assets/images/products/product-img-8.jpg]
[freshcart.codescandy.com/tailwindcss/assets/images/products/product-img-9.jpg]
[freshcart.codescandy.com/tailwindcss/assets/images/products/product-img-10.jpg]
[freshcart.codescandy.com/tailwindcss/dashboard/products.html]
[freshcart.codescandy.com/tailwindcss/dashboard/categories.html]
[freshcart.codescandy.com/tailwindcss/dashboard/order-list.html]
[freshcart.codescandy.com/tailwindcss/dashboard/order-single.html]
[freshcart.codescandy.com/tailwindcss/dashboard/vendor-grid.html]
[freshcart.codescandy.com/tailwindcss/dashboard/vendor-list.html]
[freshcart.codescandy.com/tailwindcss/assets/images/avatar/avatar-3.jpg]
[freshcart.codescandy.com/tailwindcss/assets/images/avatar/avatar-4.jpg]
[freshcart.codescandy.com/tailwindcss/assets/images/avatar/avatar-6.jpg]
[freshcart.codescandy.com/tailwindcss/assets/images/avatar/avatar-7.jpg]
[freshcart.codescandy.com/tailwindcss/assets/images/avatar/avatar-8.jpg]
[freshcart.codescandy.com/tailwindcss/assets/images/avatar/avatar-9.jpg]
[freshcart.codescandy.com/tailwindcss/assets/images/avatar/avatar-10.jpg]
[freshcart.codescandy.com/tailwindcss/assets/images/avatar/avatar-11.jpg]
[freshcart.codescandy.com/tailwindcss/assets/images/products/product-img-18.jpg]
[freshcart.codescandy.com/tailwindcss/assets/images/products/product-img-15.jpg]
[freshcart.codescandy.com/tailwindcss/assets/images/products/product-img-19.jpg]
[freshcart.codescandy.com/tailwindcss/dashboard/customers.html]
[freshcart.codescandy.com/tailwindcss/assets/libs/dropzone/dist/dropzone.css]
[freshcart.codescandy.com/tailwindcss/assets/images/docs/placeholder-img.jpg]
[freshcart.codescandy.com/tailwindcss/assets/libs/flatpickr/dist/flatpickr.min.js]
[freshcart.codescandy.com/tailwindcss/assets/libs/dropzone/dist/min/dropzone.min.js]
[freshcart.codescandy.com/tailwindcss/dashboard/create-customers.html]
[freshcart.codescandy.com/tailwindcss/dashboard/customers-edits.html]
[freshcart.codescandy.com/tailwindcss/dashboard/reviews.html]
[freshcart.codescandy.com/tailwindcss/assets/js/vendors/validation.js]
[freshcart.codescandy.com/tailwindcss/assets/images/blog/blog-img-1.jpg]
[freshcart.codescandy.com/tailwindcss/assets/images/blog/blog-img-2.jpg]
[freshcart.codescandy.com/tailwindcss/assets/images/blog/blog-img-3.jpg]
[freshcart.codescandy.com/tailwindcss/assets/images/blog/blog-img-4.jpg]
[freshcart.codescandy.com/tailwindcss/assets/images/blog/blog-img-5.jpg]
[freshcart.codescandy.com/tailwindcss/assets/images/blog/blog-img-8.jpg]
[freshcart.codescandy.com/tailwindcss/assets/images/blog/blog-img-6.jpg]
[freshcart.codescandy.com/tailwindcss/assets/images/blog/blog-img-7.jpg]
[freshcart.codescandy.com/tailwindcss/assets/images/blog/blog-img-9.jpg]
[freshcart.codescandy.com/tailwindcss/dashboard/blog-grid.html]
[freshcart.codescandy.com/tailwindcss/dashboard/blog-list.html]
[freshcart.codescandy.com/tailwindcss/assets/libs/dropzone/dist/min/dropzone.min.css]
[freshcart.codescandy.com/tailwindcss/assets/libs/@yaireo/tagify/dist/tagify.css]
[freshcart.codescandy.com/tailwindcss/assets/libs/@yaireo/tagify/dist/tagify.js]
[freshcart.codescandy.com/tailwindcss/assets/js/vendors/dropzone.js]
[freshcart.codescandy.com/tailwindcss/assets/libs/quill/dist/quill.js]
[freshcart.codescandy.com/tailwindcss/dashboard/blog-new-post.html]
[freshcart.codescandy.com/tailwindcss/assets/js/vendors/editor.js]
[freshcart.codescandy.com/tailwindcss/dashboard/add-product.html]
[freshcart.codescandy.com/tailwindcss/dashboard/vendor-list.html]
[freshcart.codescandy.com/tailwindcss/assets/libs/dropzone/dist/dropzone.css]
[freshcart.codescandy.com/tailwindcss/assets/libs/dropzone/dist/min/dropzone.min.css]
[freshcart.codescandy.com/tailwindcss/assets/libs/@yaireo/tagify/dist/tagify.css]
